This is pdfTeX, Version 3.141592653-2.6-1.40.27 (TeX Live 2025) (preloaded format=pdflatex 2025.3.8)  30 MAR 2026 20:57
entering extended mode
 restricted \write18 enabled.
 %&-line parsing enabled.
**paper_SN26_sm.tex
(./paper_SN26_sm.tex
LaTeX2e <2024-11-01> patch level 2
L3 programming layer <2025-01-18>
(/usr/local/texlive/2025/texmf-dist/tex/latex/base/article.cls
Document Class: article 2024/06/29 v1.4n Standard LaTeX document class
(/usr/local/texlive/2025/texmf-dist/tex/latex/base/size11.clo
File: size11.clo 2024/06/29 v1.4n Standard LaTeX file (size option)
)
\c@part=\count196
\c@section=\count197
\c@subsection=\count198
\c@subsubsection=\count199
\c@paragraph=\count266
\c@subparagraph=\count267
\c@figure=\count268
\c@table=\count269
\abovecaptionskip=\skip49
\belowcaptionskip=\skip50
\bibindent=\dimen141
)
(/usr/local/texlive/2025/texmf-dist/tex/latex/geometry/geometry.sty
Package: geometry 2020/01/02 v5.9 Page Geometry

(/usr/local/texlive/2025/texmf-dist/tex/latex/graphics/keyval.sty
Package: keyval 2022/05/29 v1.15 key=value parser (DPC)
\KV@toks@=\toks17
)
(/usr/local/texlive/2025/texmf-dist/tex/generic/iftex/ifvtex.sty
Package: ifvtex 2019/10/25 v1.7 ifvtex legacy package. Use iftex instead.

(/usr/local/texlive/2025/texmf-dist/tex/generic/iftex/iftex.sty
Package: iftex 2024/12/12 v1.0g TeX engine tests
))
\Gm@cnth=\count270
\Gm@cntv=\count271
\c@Gm@tempcnt=\count272
\Gm@bindingoffset=\dimen142
\Gm@wd@mp=\dimen143
\Gm@odd@mp=\dimen144
\Gm@even@mp=\dimen145
\Gm@layoutwidth=\dimen146
\Gm@layoutheight=\dimen147
\Gm@layouthoffset=\dimen148
\Gm@layoutvoffset=\dimen149
\Gm@dimlist=\toks18
)
(/usr/local/texlive/2025/texmf-dist/tex/latex/graphics/graphicx.sty
Package: graphicx 2021/09/16 v1.2d Enhanced LaTeX Graphics (DPC,SPQR)

(/usr/local/texlive/2025/texmf-dist/tex/latex/graphics/graphics.sty
Package: graphics 2024/08/06 v1.4g Standard LaTeX Graphics (DPC,SPQR)

(/usr/local/texlive/2025/texmf-dist/tex/latex/graphics/trig.sty
Package: trig 2023/12/02 v1.11 sin cos tan (DPC)
)
(/usr/local/texlive/2025/texmf-dist/tex/latex/graphics-cfg/graphics.cfg
File: graphics.cfg 2016/06/04 v1.11 sample graphics configuration
)
Package graphics Info: Driver file: pdftex.def on input line 106.

(/usr/local/texlive/2025/texmf-dist/tex/latex/graphics-def/pdftex.def
File: pdftex.def 2024/04/13 v1.2c Graphics/color driver for pdftex
))
\Gin@req@height=\dimen150
\Gin@req@width=\dimen151
)
(/usr/local/texlive/2025/texmf-dist/tex/latex/amsmath/amsmath.sty
Package: amsmath 2024/11/05 v2.17t AMS math features
\@mathmargin=\skip51

For additional information on amsmath, use the `?' option.
(/usr/local/texlive/2025/texmf-dist/tex/latex/amsmath/amstext.sty
Package: amstext 2021/08/26 v2.01 AMS text

(/usr/local/texlive/2025/texmf-dist/tex/latex/amsmath/amsgen.sty
File: amsgen.sty 1999/11/30 v2.0 generic functions
\@emptytoks=\toks19
\ex@=\dimen152
))
(/usr/local/texlive/2025/texmf-dist/tex/latex/amsmath/amsbsy.sty
Package: amsbsy 1999/11/29 v1.2d Bold Symbols
\pmbraise@=\dimen153
)
(/usr/local/texlive/2025/texmf-dist/tex/latex/amsmath/amsopn.sty
Package: amsopn 2022/04/08 v2.04 operator names
)
\inf@bad=\count273
LaTeX Info: Redefining \frac on input line 233.
\uproot@=\count274
\leftroot@=\count275
LaTeX Info: Redefining \overline on input line 398.
LaTeX Info: Redefining \colon on input line 409.
\classnum@=\count276
\DOTSCASE@=\count277
LaTeX Info: Redefining \ldots on input line 495.
LaTeX Info: Redefining \dots on input line 498.
LaTeX Info: Redefining \cdots on input line 619.
\Mathstrutbox@=\box52
\strutbox@=\box53
LaTeX Info: Redefining \big on input line 721.
LaTeX Info: Redefining \Big on input line 722.
LaTeX Info: Redefining \bigg on input line 723.
LaTeX Info: Redefining \Bigg on input line 724.
\big@size=\dimen154
LaTeX Font Info:    Redeclaring font encoding OML on input line 742.
LaTeX Font Info:    Redeclaring font encoding OMS on input line 743.
\macc@depth=\count278
LaTeX Info: Redefining \bmod on input line 904.
LaTeX Info: Redefining \pmod on input line 909.
LaTeX Info: Redefining \smash on input line 939.
LaTeX Info: Redefining \relbar on input line 969.
LaTeX Info: Redefining \Relbar on input line 970.
\c@MaxMatrixCols=\count279
\dotsspace@=\muskip17
\c@parentequation=\count280
\dspbrk@lvl=\count281
\tag@help=\toks20
\row@=\count282
\column@=\count283
\maxfields@=\count284
\andhelp@=\toks21
\eqnshift@=\dimen155
\alignsep@=\dimen156
\tagshift@=\dimen157
\tagwidth@=\dimen158
\totwidth@=\dimen159
\lineht@=\dimen160
\@envbody=\toks22
\multlinegap=\skip52
\multlinetaggap=\skip53
\mathdisplay@stack=\toks23
LaTeX Info: Redefining \[ on input line 2953.
LaTeX Info: Redefining \] on input line 2954.
)
(/usr/local/texlive/2025/texmf-dist/tex/latex/amsfonts/amssymb.sty
Package: amssymb 2013/01/14 v3.01 AMS font symbols

(/usr/local/texlive/2025/texmf-dist/tex/latex/amsfonts/amsfonts.sty
Package: amsfonts 2013/01/14 v3.01 Basic AMSFonts support
\symAMSa=\mathgroup4
\symAMSb=\mathgroup5
LaTeX Font Info:    Redeclaring math symbol \hbar on input line 98.
LaTeX Font Info:    Overwriting math alphabet `\mathfrak' in version `bold'
(Font)                  U/euf/m/n --> U/euf/b/n on input line 106.
))
(/usr/local/texlive/2025/texmf-dist/tex/latex/booktabs/booktabs.sty
Package: booktabs 2020/01/12 v1.61803398 Publication quality tables
\heavyrulewidth=\dimen161
\lightrulewidth=\dimen162
\cmidrulewidth=\dimen163
\belowrulesep=\dimen164
\belowbottomsep=\dimen165
\aboverulesep=\dimen166
\abovetopsep=\dimen167
\cmidrulesep=\dimen168
\cmidrulekern=\dimen169
\defaultaddspace=\dimen170
\@cmidla=\count285
\@cmidlb=\count286
\@aboverulesep=\dimen171
\@belowrulesep=\dimen172
\@thisruleclass=\count287
\@lastruleclass=\count288
\@thisrulewidth=\dimen173
)
(/usr/local/texlive/2025/texmf-dist/tex/latex/caption/caption.sty
Package: caption 2023/08/05 v3.6o Customizing captions (AR)

(/usr/local/texlive/2025/texmf-dist/tex/latex/caption/caption3.sty
Package: caption3 2023/07/31 v2.4d caption3 kernel (AR)
\caption@tempdima=\dimen174
\captionmargin=\dimen175
\caption@leftmargin=\dimen176
\caption@rightmargin=\dimen177
\caption@width=\dimen178
\caption@indent=\dimen179
\caption@parindent=\dimen180
\caption@hangindent=\dimen181
Package caption Info: Standard document class detected.
)
\c@caption@flags=\count289
\c@continuedfloat=\count290
)
(/usr/local/texlive/2025/texmf-dist/tex/latex/caption/subcaption.sty
Package: subcaption 2023/07/28 v1.6b Sub-captions (AR)
Package caption Info: New subtype `subfigure' on input line 238.
\c@subfigure=\count291
Package caption Info: New subtype `subtable' on input line 238.
\c@subtable=\count292
)
(/usr/local/texlive/2025/texmf-dist/tex/latex/float/float.sty
Package: float 2001/11/08 v1.3d Float enhancements (AL)
\c@float@type=\count293
\float@exts=\toks24
\float@box=\box54
\@float@everytoks=\toks25
\@floatcapt=\box55
)
(/usr/local/texlive/2025/texmf-dist/tex/latex/hyperref/hyperref.sty
Package: hyperref 2024-11-05 v7.01l Hypertext links for LaTeX

(/usr/local/texlive/2025/texmf-dist/tex/latex/kvsetkeys/kvsetkeys.sty
Package: kvsetkeys 2022-10-05 v1.19 Key value parser (HO)
)
(/usr/local/texlive/2025/texmf-dist/tex/generic/kvdefinekeys/kvdefinekeys.sty
Package: kvdefinekeys 2019-12-19 v1.6 Define keys (HO)
)
(/usr/local/texlive/2025/texmf-dist/tex/generic/pdfescape/pdfescape.sty
Package: pdfescape 2019/12/09 v1.15 Implements pdfTeX's escape features (HO)

(/usr/local/texlive/2025/texmf-dist/tex/generic/ltxcmds/ltxcmds.sty
Package: ltxcmds 2023-12-04 v1.26 LaTeX kernel commands for general use (HO)
)
(/usr/local/texlive/2025/texmf-dist/tex/generic/pdftexcmds/pdftexcmds.sty
Package: pdftexcmds 2020-06-27 v0.33 Utility functions of pdfTeX for LuaTeX (HO
)

(/usr/local/texlive/2025/texmf-dist/tex/generic/infwarerr/infwarerr.sty
Package: infwarerr 2019/12/03 v1.5 Providing info/warning/error messages (HO)
)
Package pdftexcmds Info: \pdf@primitive is available.
Package pdftexcmds Info: \pdf@ifprimitive is available.
Package pdftexcmds Info: \pdfdraftmode found.
))
(/usr/local/texlive/2025/texmf-dist/tex/latex/hycolor/hycolor.sty
Package: hycolor 2020-01-27 v1.10 Color options for hyperref/bookmark (HO)
)
(/usr/local/texlive/2025/texmf-dist/tex/latex/hyperref/nameref.sty
Package: nameref 2023-11-26 v2.56 Cross-referencing by name of section

(/usr/local/texlive/2025/texmf-dist/tex/latex/refcount/refcount.sty
Package: refcount 2019/12/15 v3.6 Data extraction from label references (HO)
)
(/usr/local/texlive/2025/texmf-dist/tex/generic/gettitlestring/gettitlestring.s
ty
Package: gettitlestring 2019/12/15 v1.6 Cleanup title references (HO)
 (/usr/local/texlive/2025/texmf-dist/tex/latex/kvoptions/kvoptions.sty
Package: kvoptions 2022-06-15 v3.15 Key value format for package options (HO)
))
\c@section@level=\count294
)
(/usr/local/texlive/2025/texmf-dist/tex/latex/etoolbox/etoolbox.sty
Package: etoolbox 2025/02/11 v2.5l e-TeX tools for LaTeX (JAW)
\etb@tempcnta=\count295
)
(/usr/local/texlive/2025/texmf-dist/tex/generic/stringenc/stringenc.sty
Package: stringenc 2019/11/29 v1.12 Convert strings between diff. encodings (HO
)
)
\@linkdim=\dimen182
\Hy@linkcounter=\count296
\Hy@pagecounter=\count297

(/usr/local/texlive/2025/texmf-dist/tex/latex/hyperref/pd1enc.def
File: pd1enc.def 2024-11-05 v7.01l Hyperref: PDFDocEncoding definition (HO)
Now handling font encoding PD1 ...
... no UTF-8 mapping file for font encoding PD1
)
(/usr/local/texlive/2025/texmf-dist/tex/generic/intcalc/intcalc.sty
Package: intcalc 2019/12/15 v1.3 Expandable calculations with integers (HO)
)
\Hy@SavedSpaceFactor=\count298

(/usr/local/texlive/2025/texmf-dist/tex/latex/hyperref/puenc.def
File: puenc.def 2024-11-05 v7.01l Hyperref: PDF Unicode definition (HO)
Now handling font encoding PU ...
... no UTF-8 mapping file for font encoding PU
)
Package hyperref Info: Hyper figures OFF on input line 4157.
Package hyperref Info: Link nesting OFF on input line 4162.
Package hyperref Info: Hyper index ON on input line 4165.
Package hyperref Info: Plain pages OFF on input line 4172.
Package hyperref Info: Backreferencing OFF on input line 4177.
Package hyperref Info: Implicit mode ON; LaTeX internals redefined.
Package hyperref Info: Bookmarks ON on input line 4424.
\c@Hy@tempcnt=\count299

(/usr/local/texlive/2025/texmf-dist/tex/latex/url/url.sty
\Urlmuskip=\muskip18
Package: url 2013/09/16  ver 3.4  Verb mode for urls, etc.
)
LaTeX Info: Redefining \url on input line 4763.
\XeTeXLinkMargin=\dimen183

(/usr/local/texlive/2025/texmf-dist/tex/generic/bitset/bitset.sty
Package: bitset 2019/12/09 v1.3 Handle bit-vector datatype (HO)

(/usr/local/texlive/2025/texmf-dist/tex/generic/bigintcalc/bigintcalc.sty
Package: bigintcalc 2019/12/15 v1.5 Expandable calculations on big integers (HO
)
))
\Fld@menulength=\count300
\Field@Width=\dimen184
\Fld@charsize=\dimen185
Package hyperref Info: Hyper figures OFF on input line 6042.
Package hyperref Info: Link nesting OFF on input line 6047.
Package hyperref Info: Hyper index ON on input line 6050.
Package hyperref Info: backreferencing OFF on input line 6057.
Package hyperref Info: Link coloring OFF on input line 6062.
Package hyperref Info: Link coloring with OCG OFF on input line 6067.
Package hyperref Info: PDF/A mode OFF on input line 6072.

(/usr/local/texlive/2025/texmf-dist/tex/latex/base/atbegshi-ltx.sty
Package: atbegshi-ltx 2021/01/10 v1.0c Emulation of the original atbegshi
package with kernel methods
)
\Hy@abspage=\count301
\c@Item=\count302
\c@Hfootnote=\count303
)
Package hyperref Info: Driver (autodetected): hpdftex.

(/usr/local/texlive/2025/texmf-dist/tex/latex/hyperref/hpdftex.def
File: hpdftex.def 2024-11-05 v7.01l Hyperref driver for pdfTeX

(/usr/local/texlive/2025/texmf-dist/tex/latex/base/atveryend-ltx.sty
Package: atveryend-ltx 2020/08/19 v1.0a Emulation of the original atveryend pac
kage
with kernel methods
)
\Fld@listcount=\count304
\c@bookmark@seq@number=\count305

(/usr/local/texlive/2025/texmf-dist/tex/latex/rerunfilecheck/rerunfilecheck.sty
Package: rerunfilecheck 2022-07-10 v1.10 Rerun checks for auxiliary files (HO)

(/usr/local/texlive/2025/texmf-dist/tex/generic/uniquecounter/uniquecounter.sty
Package: uniquecounter 2019/12/15 v1.4 Provide unlimited unique counter (HO)
)
Package uniquecounter Info: New unique counter `rerunfilecheck' on input line 2
85.
)
\Hy@SectionHShift=\skip54
)
(/usr/local/texlive/2025/texmf-dist/tex/latex/l3backend/l3backend-pdftex.def
File: l3backend-pdftex.def 2024-05-08 L3 backend support: PDF output (pdfTeX)
\l__color_backend_stack_int=\count306
\l__pdf_internal_box=\box56
)
(./paper_SN26_sm.aux

LaTeX Warning: Label `fig:mur_dist' multiply defined.

)
\openout1 = `paper_SN26_sm.aux'.

LaTeX Font Info:    Checking defaults for OML/cmm/m/it on input line 26.
LaTeX Font Info:    ... okay on input line 26.
LaTeX Font Info:    Checking defaults for OMS/cmsy/m/n on input line 26.
LaTeX Font Info:    ... okay on input line 26.
LaTeX Font Info:    Checking defaults for OT1/cmr/m/n on input line 26.
LaTeX Font Info:    ... okay on input line 26.
LaTeX Font Info:    Checking defaults for T1/cmr/m/n on input line 26.
LaTeX Font Info:    ... okay on input line 26.
LaTeX Font Info:    Checking defaults for TS1/cmr/m/n on input line 26.
LaTeX Font Info:    ... okay on input line 26.
LaTeX Font Info:    Checking defaults for OMX/cmex/m/n on input line 26.
LaTeX Font Info:    ... okay on input line 26.
LaTeX Font Info:    Checking defaults for U/cmr/m/n on input line 26.
LaTeX Font Info:    ... okay on input line 26.
LaTeX Font Info:    Checking defaults for PD1/pdf/m/n on input line 26.
LaTeX Font Info:    ... okay on input line 26.
LaTeX Font Info:    Checking defaults for PU/pdf/m/n on input line 26.
LaTeX Font Info:    ... okay on input line 26.

*geometry* driver: auto-detecting
*geometry* detected driver: pdftex
*geometry* verbose mode - [ preamble ] result:
* driver: pdftex
* paper: a4paper
* layout: <same size as paper>
* layoutoffset:(h,v)=(0.0pt,0.0pt)
* modes: 
* h-part:(L,W,R)=(72.26999pt, 452.9679pt, 72.26999pt)
* v-part:(T,H,B)=(72.26999pt, 700.50687pt, 72.26999pt)
* \paperwidth=597.50787pt
* \paperheight=845.04684pt
* \textwidth=452.9679pt
* \textheight=700.50687pt
* \oddsidemargin=0.0pt
* \evensidemargin=0.0pt
* \topmargin=-37.0pt
* \headheight=12.0pt
* \headsep=25.0pt
* \topskip=11.0pt
* \footskip=30.0pt
* \marginparwidth=50.0pt
* \marginparsep=10.0pt
* \columnsep=10.0pt
* \skip\footins=10.0pt plus 4.0pt minus 2.0pt
* \hoffset=0.0pt
* \voffset=0.0pt
* \mag=1000
* \@twocolumnfalse
* \@twosidefalse
* \@mparswitchfalse
* \@reversemarginfalse
* (1in=72.27pt=25.4mm, 1cm=28.453pt)

(/usr/local/texlive/2025/texmf-dist/tex/context/base/mkii/supp-pdf.mkii
[Loading MPS to PDF converter (version 2006.09.02).]
\scratchcounter=\count307
\scratchdimen=\dimen186
\scratchbox=\box57
\nofMPsegments=\count308
\nofMParguments=\count309
\everyMPshowfont=\toks26
\MPscratchCnt=\count310
\MPscratchDim=\dimen187
\MPnumerator=\count311
\makeMPintoPDFobject=\count312
\everyMPtoPDFconversion=\toks27
) (/usr/local/texlive/2025/texmf-dist/tex/latex/epstopdf-pkg/epstopdf-base.sty
Package: epstopdf-base 2020-01-24 v2.11 Base part for package epstopdf
Package epstopdf-base Info: Redefining graphics rule for `.eps' on input line 4
85.

(/usr/local/texlive/2025/texmf-dist/tex/latex/latexconfig/epstopdf-sys.cfg
File: epstopdf-sys.cfg 2010/07/13 v1.3 Configuration of (r)epstopdf for TeX Liv
e
))
Package caption Info: Begin \AtBeginDocument code.
Package caption Info: float package is loaded.
Package caption Info: hyperref package is loaded.
Package caption Info: End \AtBeginDocument code.
Package hyperref Info: Link coloring OFF on input line 26.

(./paper_SN26_sm.out) (./paper_SN26_sm.out)
\@outlinefile=\write3
\openout3 = `paper_SN26_sm.out'.

LaTeX Font Info:    Trying to load font information for U+msa on input line 29.


(/usr/local/texlive/2025/texmf-dist/tex/latex/amsfonts/umsa.fd
File: umsa.fd 2013/01/14 v3.01 AMS symbols A
)
LaTeX Font Info:    Trying to load font information for U+msb on input line 29.


(/usr/local/texlive/2025/texmf-dist/tex/latex/amsfonts/umsb.fd
File: umsb.fd 2013/01/14 v3.01 AMS symbols B
)
(./paper_SN26_sm.toc)
\tf@toc=\write4
\openout4 = `paper_SN26_sm.toc'.


Overfull \hbox (0.69196pt too wide) in paragraph at lines 44--45
[]\OT1/cmr/m/n/10.95 Like be-ing able to tell oth-ers about new brands and prod
-ucts I have tried. (\OT1/cmr/m/it/10.95 Pro-innovation\OT1/cmr/m/n/10.95 ) 
 []



[1

{/usr/local/texlive/2025/texmf-var/fonts/map/pdftex/updmap/pdftex.map}]
<../../plots/03_GSS_MUR_calculation/GSS_mur_score_distribution.pdf, id=92, 578.
16pt x 433.62pt>
File: ../../plots/03_GSS_MUR_calculation/GSS_mur_score_distribution.pdf Graphic
 file (type pdf)
<use ../../plots/03_GSS_MUR_calculation/GSS_mur_score_distribution.pdf>
Package pdftex.def Info: ../../plots/03_GSS_MUR_calculation/GSS_mur_score_distr
ibution.pdf  used on input line 73.
(pdftex.def)             Requested size: 203.83417pt x 152.87422pt.
<../../plots/03_ATP_MUR_calculation/ATP_mur_score_distribution.pdf, id=93, 578.
16pt x 433.62pt>
File: ../../plots/03_ATP_MUR_calculation/ATP_mur_score_distribution.pdf Graphic
 file (type pdf)
<use ../../plots/03_ATP_MUR_calculation/ATP_mur_score_distribution.pdf>
Package pdftex.def Info: ../../plots/03_ATP_MUR_calculation/ATP_mur_score_distr
ibution.pdf  used on input line 78.
(pdftex.def)             Requested size: 203.83417pt x 152.87422pt.


[2 <../../plots/03_GSS_MUR_calculation/GSS_mur_score_distribution.pdf> <../../p
lots/03_ATP_MUR_calculation/ATP_mur_score_distribution.pdf>]
<../abstract-sn26/figure1_5panels_GSS_ER.pdf, id=123, 578.16pt x 325.215pt>
File: ../abstract-sn26/figure1_5panels_GSS_ER.pdf Graphic file (type pdf)
<use ../abstract-sn26/figure1_5panels_GSS_ER.pdf>
Package pdftex.def Info: ../abstract-sn26/figure1_5panels_GSS_ER.pdf  used on i
nput line 90.
(pdftex.def)             Requested size: 452.9679pt x 254.79314pt.


[3 <../abstract-sn26/figure1_5panels_GSS_ER.pdf>]

[4]
<../../plots/02_GSS_network_ergm_tests/GSS_degree_dist.pdf, id=153, 794.97pt x 
346.29375pt>
File: ../../plots/02_GSS_network_ergm_tests/GSS_degree_dist.pdf Graphic file (t
ype pdf)
<use ../../plots/02_GSS_network_ergm_tests/GSS_degree_dist.pdf>
Package pdftex.def Info: ../../plots/02_GSS_network_ergm_tests/GSS_degree_dist.
pdf  used on input line 128.
(pdftex.def)             Requested size: 203.83417pt x 88.7925pt.
<../../plots/02_ATP_network_ergm_tests/ATP_degree_dist.pdf, id=154, 794.97pt x 
346.29375pt>
File: ../../plots/02_ATP_network_ergm_tests/ATP_degree_dist.pdf Graphic file (t
ype pdf)
<use ../../plots/02_ATP_network_ergm_tests/ATP_degree_dist.pdf>
Package pdftex.def Info: ../../plots/02_ATP_network_ergm_tests/ATP_degree_dist.
pdf  used on input line 133.
(pdftex.def)             Requested size: 203.83417pt x 88.7925pt.
<../../plots/02_GSS_network_ergm_tests/GSS_Ck_vs_k.pdf, id=155, 469.755pt x 289
.08pt>
File: ../../plots/02_GSS_network_ergm_tests/GSS_Ck_vs_k.pdf Graphic file (type 
pdf)
<use ../../plots/02_GSS_network_ergm_tests/GSS_Ck_vs_k.pdf>
Package pdftex.def Info: ../../plots/02_GSS_network_ergm_tests/GSS_Ck_vs_k.pdf 
 used on input line 143.
(pdftex.def)             Requested size: 203.83417pt x 125.4356pt.
<../../plots/02_ATP_network_ergm_tests/ATP_Ck_vs_k.pdf, id=156, 469.755pt x 289
.08pt>
File: ../../plots/02_ATP_network_ergm_tests/ATP_Ck_vs_k.pdf Graphic file (type 
pdf)
<use ../../plots/02_ATP_network_ergm_tests/ATP_Ck_vs_k.pdf>
Package pdftex.def Info: ../../plots/02_ATP_network_ergm_tests/ATP_Ck_vs_k.pdf 
 used on input line 148.
(pdftex.def)             Requested size: 203.83417pt x 125.4356pt.


[5 <../../plots/02_GSS_network_ergm_tests/GSS_degree_dist.pdf> <../../plots/02_
ATP_network_ergm_tests/ATP_degree_dist.pdf> <../../plots/02_GSS_network_ergm_te
sts/GSS_Ck_vs_k.pdf> <../../plots/02_ATP_network_ergm_tests/ATP_Ck_vs_k.pdf>]

[6]
<../../plots/07_phase_transition/GSS/method3_avalanches.pdf, id=211, 867.24pt x
 650.43pt>
File: ../../plots/07_phase_transition/GSS/method3_avalanches.pdf Graphic file (
type pdf)
<use ../../plots/07_phase_transition/GSS/method3_avalanches.pdf>
Package pdftex.def Info: ../../plots/07_phase_transition/GSS/method3_avalanches
.pdf  used on input line 213.
(pdftex.def)             Requested size: 203.83417pt x 152.87091pt.
<../../plots/07_phase_transition/GSS_ER/method3_avalanches.pdf, id=212, 867.24p
t x 650.43pt>
File: ../../plots/07_phase_transition/GSS_ER/method3_avalanches.pdf Graphic fil
e (type pdf)
<use ../../plots/07_phase_transition/GSS_ER/method3_avalanches.pdf>
Package pdftex.def Info: ../../plots/07_phase_transition/GSS_ER/method3_avalanc
hes.pdf  used on input line 218.
(pdftex.def)             Requested size: 203.83417pt x 152.87091pt.
<../../plots/07_phase_transition/GSS/method2_critical_slowing_down.pdf, id=213,
 722.7pt x 216.81pt>
File: ../../plots/07_phase_transition/GSS/method2_critical_slowing_down.pdf Gra
phic file (type pdf)
<use ../../plots/07_phase_transition/GSS/method2_critical_slowing_down.pdf>
Package pdftex.def Info: ../../plots/07_phase_transition/GSS/method2_critical_s
lowing_down.pdf  used on input line 228.
(pdftex.def)             Requested size: 203.83417pt x 61.14969pt.
<../../plots/07_phase_transition/GSS_ER/method2_critical_slowing_down.pdf, id=2
14, 722.7pt x 216.81pt>
File: ../../plots/07_phase_transition/GSS_ER/method2_critical_slowing_down.pdf 
Graphic file (type pdf)
<use ../../plots/07_phase_transition/GSS_ER/method2_critical_slowing_down.pdf>
Package pdftex.def Info: ../../plots/07_phase_transition/GSS_ER/method2_critica
l_slowing_down.pdf  used on input line 233.
(pdftex.def)             Requested size: 203.83417pt x 61.14969pt.
<../figures/bam_rational_surfaces.png, id=215, 1606.0pt x 803.0pt>
File: ../figures/bam_rational_surfaces.png Graphic file (type png)
<use ../figures/bam_rational_surfaces.png>
Package pdftex.def Info: ../figures/bam_rational_surfaces.png  used on input li
ne 249.
(pdftex.def)             Requested size: 452.9679pt x 226.48033pt.


[7 <../../plots/07_phase_transition/GSS/method3_avalanches.pdf> <../../plots/07
_phase_transition/GSS_ER/method3_avalanches.pdf> <../../plots/07_phase_transiti
on/GSS/method2_critical_slowing_down.pdf> <../../plots/07_phase_transition/GSS_
ER/method2_critical_slowing_down.pdf>]
<../figures/bam_social_surfaces.png, id=254, 1606.0pt x 803.0pt>
File: ../figures/bam_social_surfaces.png Graphic file (type png)
<use ../figures/bam_social_surfaces.png>
Package pdftex.def Info: ../figures/bam_social_surfaces.png  used on input line
 256.
(pdftex.def)             Requested size: 452.9679pt x 226.48033pt.
<../figures/bam_total_surfaces.png, id=255, 1606.0pt x 803.0pt>
File: ../figures/bam_total_surfaces.png Graphic file (type png)
<use ../figures/bam_total_surfaces.png>
Package pdftex.def Info: ../figures/bam_total_surfaces.png  used on input line 
263.
(pdftex.def)             Requested size: 452.9679pt x 226.48033pt.


[8 <../figures/bam_rational_surfaces.png> <../figures/bam_social_surfaces.png>]


[9 <../figures/bam_total_surfaces.png>] (./paper_SN26_sm.aux)
 ***********
LaTeX2e <2024-11-01> patch level 2
L3 programming layer <2025-01-18>
 ***********


LaTeX Warning: There were multiply-defined labels.


Package rerunfilecheck Warning: File `paper_SN26_sm.out' has changed.
(rerunfilecheck)                Rerun to get outlines right
(rerunfilecheck)                or use package `bookmark'.

Package rerunfilecheck Info: Checksums for `paper_SN26_sm.out':
(rerunfilecheck)             Before: 018D6500C6E30AFCF4B743AC2CF4E9C3;4032
(rerunfilecheck)             After:  6734E2972A2746B315F8454C647FF34C;3713.
 ) 
Here is how much of TeX's memory you used:
 11922 strings out of 473190
 191674 string characters out of 5715801
 593937 words of memory out of 5000000
 34980 multiletter control sequences out of 15000+600000
 569598 words of font info for 77 fonts, out of 8000000 for 9000
 1141 hyphenation exceptions out of 8191
 75i,13n,79p,701b,529s stack positions out of 10000i,1000n,20000p,200000b,200000s

pdfTeX warning (dest): name{table.caption.8} has been referenced but does not e
xist, replaced by a fixed one


pdfTeX warning (dest): name{figure.caption.6} has been referenced but does not 
exist, replaced by a fixed one


pdfTeX warning (dest): name{figure.caption.15} has been referenced but does not
 exist, replaced by a fixed one


pdfTeX warning (dest): name{subsection.6.3} has been referenced but does not ex
ist, replaced by a fixed one


pdfTeX warning (dest): name{subsection.6.2} has been referenced but does not ex
ist, replaced by a fixed one


pdfTeX warning (dest): name{subsection.6.1} has been referenced but does not ex
ist, replaced by a fixed one


pdfTeX warning (dest): name{section.6} has been referenced but does not exist, 
replaced by a fixed one

</usr/local/texlive/2025/texmf-dist/fonts/type1/public/amsfonts/cm/cmbx10.pfb><
/usr/local/texlive/2025/texmf-dist/fonts/type1/public/amsfonts/cm/cmbx12.pfb></
usr/local/texlive/2025/texmf-dist/fonts/type1/public/amsfonts/cm/cmmi10.pfb></u
sr/local/texlive/2025/texmf-dist/fonts/type1/public/amsfonts/cm/cmmi8.pfb></usr
/local/texlive/2025/texmf-dist/fonts/type1/public/amsfonts/cm/cmmi9.pfb></usr/l
ocal/texlive/2025/texmf-dist/fonts/type1/public/amsfonts/cm/cmr10.pfb></usr/loc
al/texlive/2025/texmf-dist/fonts/type1/public/amsfonts/cm/cmr12.pfb></usr/local
/texlive/2025/texmf-dist/fonts/type1/public/amsfonts/cm/cmr8.pfb></usr/local/te
xlive/2025/texmf-dist/fonts/type1/public/amsfonts/cm/cmr9.pfb></usr/local/texli
ve/2025/texmf-dist/fonts/type1/public/amsfonts/cm/cmsy10.pfb></usr/local/texliv
e/2025/texmf-dist/fonts/type1/public/amsfonts/cm/cmsy6.pfb></usr/local/texlive/
2025/texmf-dist/fonts/type1/public/amsfonts/cm/cmsy8.pfb></usr/local/texlive/20
25/texmf-dist/fonts/type1/public/amsfonts/cm/cmti10.pfb></usr/local/texlive/202
5/texmf-dist/fonts/type1/public/amsfonts/cm/cmti9.pfb></usr/local/texlive/2025/
texmf-dist/fonts/type1/public/amsfonts/cm/cmtt10.pfb>
Output written on paper_SN26_sm.pdf (9 pages, 743545 bytes).
PDF statistics:
 348 PDF objects out of 1000 (max. 8388607)
 269 compressed objects within 3 object streams
 60 named destinations out of 1000 (max. 500000)
 183 words of extra memory for PDF output out of 10000 (max. 10000000)

